../Core/Src/main.c:42:6:PhaseExecute1	4	static
../Core/Src/main.c:55:6:PhaseExecute2	4	static
../Core/Src/main.c:70:6:PhaseExecute3	4	static
../Core/Src/main.c:83:6:PhaseExecute4	4	static
../Core/Src/main.c:96:6:PhaseExecute5	4	static
../Core/Src/main.c:109:6:PhaseExecute6	4	static
../Core/Src/main.c:154:5:main	8	static
../Core/Src/main.c:211:6:SystemClock_Config	88	static
../Core/Src/main.c:257:13:MX_TIM1_Init	120	static
../Core/Src/main.c:347:13:MX_GPIO_Init	24	static
../Core/Src/main.c:369:6:Error_Handler	4	static,ignoring_inline_asm
